

                             _   _
                            (_) | |
      __ _   _ __   __   __  _  | |
     / _` | | '_ \  \ \ / / | | | |
    | (_| | | | | |  \ V /  | | | |
     \__,_| |_| |_|   \_/   |_| |_|

    1.7.1 (4072e48705 2026-05-08T07:54:31.470926000Z)
    https://github.com/foundry-rs/foundry

Available Accounts
==================

(0) 0xf39Fd6e51aad88F6F4ce6aB8827279cffFb92266 (10000.000000000000000000 ETH)
(1) 0x70997970C51812dc3A010C7d01b50e0d17dc79C8 (10000.000000000000000000 ETH)
(2) 0x3C44CdDdB6a900fa2b585dd299e03d12FA4293BC (10000.000000000000000000 ETH)
(3) 0x90F79bf6EB2c4f870365E785982E1f101E93b906 (10000.000000000000000000 ETH)
(4) 0x15d34AAf54267DB7D7c367839AAf71A00a2C6A65 (10000.000000000000000000 ETH)
(5) 0x9965507D1a55bcC2695C58ba16FB37d819B0A4dc (10000.000000000000000000 ETH)
(6) 0x976EA74026E726554dB657fA54763abd0C3a0aa9 (10000.000000000000000000 ETH)
(7) 0x14dC79964da2C08b23698B3D3cc7Ca32193d9955 (10000.000000000000000000 ETH)
(8) 0x23618e81E3f5cdF7f54C3d65f7FBc0aBf5B21E8f (10000.000000000000000000 ETH)
(9) 0xa0Ee7A142d267C1f36714E4a8F75612F20a79720 (10000.000000000000000000 ETH)

Private Keys
==================

(0) 0xac0974bec39a17e36ba4a6b4d238ff944bacb478cbed5efcae784d7bf4f2ff80
(1) 0x59c6995e998f97a5a0044966f0945389dc9e86dae88c7a8412f4603b6b78690d
(2) 0x5de4111afa1a4b94908f83103eb1f1706367c2e68ca870fc3fb9a804cdab365a
(3) 0x7c852118294e51e653712a81e05800f419141751be58f605c371e15141b007a6
(4) 0x47e179ec197488593b187f80a00eb0da91f1b9d0b13f8733639f19c30a34926a
(5) 0x8b3a350cf5c34c9194ca85829a2df0ec3153be0318b5e2d3348e872092edffba
(6) 0x92db14e403b83dfe3df233f83dfa3a0d7096f21ca9b0d6d6b8d88b2b4ec1564e
(7) 0x4bbbf85ce3377467afe5d46f804f221813b2bb87f24d81f60f1fcdbf7cbf4356
(8) 0xdbda1821b80551c9d65939329250298aa3472ba22feea921c0cf5d620ea67b97
(9) 0x2a871d0798f97d79848a013d4936a73bf4cc922c825d33c1cf7073dff6d409c6

Wallet
==================
Mnemonic:          test test test test test test test test test test test junk
Derivation path:   m/44'/60'/0'/0/


Chain ID
==================

31337

Base Fee
==================

1000000000

Gas Limit
==================

30000000

Genesis Timestamp
==================

1789192073

Genesis Number
==================

0

Listening on 127.0.0.1:8545
eth_chainId
eth_chainId
eth_chainId
eth_chainId
eth_chainId
eth_chainId
eth_chainId
eth_chainId
eth_chainId
eth_chainId
eth_chainId
eth_chainId
eth_chainId
eth_chainId
eth_chainId
eth_chainId
eth_chainId
eth_chainId
eth_chainId
eth_chainId
eth_chainId
eth_chainId
eth_chainId
eth_chainId
eth_chainId
eth_chainId
eth_chainId
eth_chainId
eth_chainId
eth_getBalance
eth_fillTransaction
eth_estimateGas
eth_accounts
eth_sendRawTransaction

    Transaction: 0x72ff4eecb3473cbefe592af75fa0a38484145e787dcb11b96b3fc22fc30b9a8b
    Gas used: 21000

    Block Number: 1
    Block Hash: 0x784045f5aedc560f4a12e7f5b80c60f9935e1dd85415acd2348923831f3fd20e
    Block Time: "Sat, 12 Sep 2026 05:48:32 +0000"

eth_getBalance
eth_call
eth_chainId
eth_chainId
eth_blockNumber
eth_estimateGas
eth_getBlockByNumber
eth_feeHistory
eth_getTransactionCount
eth_chainId
eth_sendRawTransaction

    Transaction: 0xb56d89f72305b3675e52c8ef079cc2acadd6fd96f8af202e8294790a3025f03d
    Contract created: 0xe7f1725E7734CE288F8367e1Bb143E90bb3F0512
    Gas used: 173982

    Block Number: 2
    Block Hash: 0x6497945ce32feec42fd171254709d161c0396f3fbf67851588c2de4afcca0b43
    Block Time: "Sat, 12 Sep 2026 05:48:42 +0000"

eth_getTransactionByHash
eth_getTransactionReceipt
eth_blockNumber
eth_call
eth_blockNumber
eth_estimateGas
eth_feeHistory
eth_getTransactionCount
eth_sendRawTransaction

    Transaction: 0x86ddc1457a6e52228f446ebfa9e2efecf971eaf56170d4c9268c3ce31c9e0575
    Contract created: 0x9fE46736679d2D9a65F0992F2272dE9f3c7fa6e0
    Gas used: 715423

    Block Number: 3
    Block Hash: 0xe4f3f990d4995f66703dfa4d4bda2d8cd8c9af6c3e02775f58601729b8517e63
    Block Time: "Sat, 12 Sep 2026 05:48:42 +0000"

eth_getTransactionByHash
eth_getTransactionReceipt
eth_blockNumber
eth_call
eth_call
eth_call
eth_call
eth_call
eth_getBalance
eth_fillTransaction
eth_estimateGas
eth_accounts
eth_sendRawTransaction

    Transaction: 0x59a138c77c38bc4c279b88151fa9bdd8cf97be54160ff9a20ad0b65d5c4c0a0b
    Gas used: 21000

    Block Number: 4
    Block Hash: 0x431c85fe97c42086ad662ef4fd361a873aea67946ce56b5fe459af420c43d193
    Block Time: "Sat, 12 Sep 2026 05:48:47 +0000"

eth_getBalance
eth_call
eth_call
